// Jest Snapshot v1, https://goo.gl/fbAQLP

exports[`Test suite App component is displaying Button 1`] = `
Object {
  "x": "y",
}
`;
